Analysis & Synthesis report for RTL
Mon Jun 20 03:42:00 2022
Quartus II 64-Bit Version 13.0.1 Build 232 06/12/2013 Service Pack 1 SJ Web Edition


---------------------
; Table of Contents ;
---------------------
  1. Legal Notice
  2. Analysis & Synthesis Summary
  3. Analysis & Synthesis Settings
  4. Parallel Compilation
  5. Analysis & Synthesis Source Files Read
  6. Analysis & Synthesis Resource Usage Summary
  7. Analysis & Synthesis Resource Utilization by Entity
  8. Registers Removed During Synthesis
  9. General Register Statistics
 10. Multiplexer Restructuring Statistics (Restructuring Performed)
 11. Elapsed Time Per Partition
 12. Analysis & Synthesis Messages



----------------
; Legal Notice ;
----------------
Copyright (C) 1991-2013 Altera Corporation
Your use of Altera Corporation's design tools, logic functions 
and other software and tools, and its AMPP partner logic 
functions, and any output files from any of the foregoing 
(including device programming or simulation files), and any 
associated documentation or information are expressly subject 
to the terms and conditions of the Altera Program License 
Subscription Agreement, Altera MegaCore Function License 
Agreement, or other applicable license agreement, including, 
without limitation, that your use is for the sole purpose of 
programming logic devices manufactured by Altera and sold by 
Altera or its authorized distributors.  Please refer to the 
applicable agreement for further details.



+--------------------------------------------------------------------------------------+
; Analysis & Synthesis Summary                                                         ;
+------------------------------------+-------------------------------------------------+
; Analysis & Synthesis Status        ; Successful - Mon Jun 20 03:42:00 2022           ;
; Quartus II 64-Bit Version          ; 13.0.1 Build 232 06/12/2013 SP 1 SJ Web Edition ;
; Revision Name                      ; RTL                                             ;
; Top-level Entity Name              ; BusSharing                                      ;
; Family                             ; Cyclone II                                      ;
; Total logic elements               ; 259                                             ;
;     Total combinational functions  ; 244                                             ;
;     Dedicated logic registers      ; 50                                              ;
; Total registers                    ; 50                                              ;
; Total pins                         ; 54                                              ;
; Total virtual pins                 ; 0                                               ;
; Total memory bits                  ; 0                                               ;
; Embedded Multiplier 9-bit elements ; 0                                               ;
; Total PLLs                         ; 0                                               ;
+------------------------------------+-------------------------------------------------+


+----------------------------------------------------------------------------------------------------------------------+
; Analysis & Synthesis Settings                                                                                        ;
+----------------------------------------------------------------------------+--------------------+--------------------+
; Option                                                                     ; Setting            ; Default Value      ;
+----------------------------------------------------------------------------+--------------------+--------------------+
; Device                                                                     ; EP2C35F672C6       ;                    ;
; Top-level entity name                                                      ; BusSharing         ; RTL                ;
; Family name                                                                ; Cyclone II         ; Cyclone IV GX      ;
; Use smart compilation                                                      ; Off                ; Off                ;
; Enable parallel Assembler and TimeQuest Timing Analyzer during compilation ; On                 ; On                 ;
; Enable compact report table                                                ; Off                ; Off                ;
; Restructure Multiplexers                                                   ; Auto               ; Auto               ;
; Create Debugging Nodes for IP Cores                                        ; Off                ; Off                ;
; Preserve fewer node names                                                  ; On                 ; On                 ;
; Disable OpenCore Plus hardware evaluation                                  ; Off                ; Off                ;
; Verilog Version                                                            ; Verilog_2001       ; Verilog_2001       ;
; VHDL Version                                                               ; VHDL_1993          ; VHDL_1993          ;
; State Machine Processing                                                   ; Auto               ; Auto               ;
; Safe State Machine                                                         ; Off                ; Off                ;
; Extract Verilog State Machines                                             ; On                 ; On                 ;
; Extract VHDL State Machines                                                ; On                 ; On                 ;
; Ignore Verilog initial constructs                                          ; Off                ; Off                ;
; Iteration limit for constant Verilog loops                                 ; 5000               ; 5000               ;
; Iteration limit for non-constant Verilog loops                             ; 250                ; 250                ;
; Add Pass-Through Logic to Inferred RAMs                                    ; On                 ; On                 ;
; Infer RAMs from Raw Logic                                                  ; On                 ; On                 ;
; Parallel Synthesis                                                         ; On                 ; On                 ;
; DSP Block Balancing                                                        ; Auto               ; Auto               ;
; NOT Gate Push-Back                                                         ; On                 ; On                 ;
; Power-Up Don't Care                                                        ; On                 ; On                 ;
; Remove Redundant Logic Cells                                               ; Off                ; Off                ;
; Remove Duplicate Registers                                                 ; On                 ; On                 ;
; Ignore CARRY Buffers                                                       ; Off                ; Off                ;
; Ignore CASCADE Buffers                                                     ; Off                ; Off                ;
; Ignore GLOBAL Buffers                                                      ; Off                ; Off                ;
; Ignore ROW GLOBAL Buffers                                                  ; Off                ; Off                ;
; Ignore LCELL Buffers                                                       ; Off                ; Off                ;
; Ignore SOFT Buffers                                                        ; On                 ; On                 ;
; Limit AHDL Integers to 32 Bits                                             ; Off                ; Off                ;
; Optimization Technique                                                     ; Balanced           ; Balanced           ;
; Carry Chain Length                                                         ; 70                 ; 70                 ;
; Auto Carry Chains                                                          ; On                 ; On                 ;
; Auto Open-Drain Pins                                                       ; On                 ; On                 ;
; Perform WYSIWYG Primitive Resynthesis                                      ; Off                ; Off                ;
; Auto ROM Replacement                                                       ; On                 ; On                 ;
; Auto RAM Replacement                                                       ; On                 ; On                 ;
; Auto Shift Register Replacement                                            ; Auto               ; Auto               ;
; Allow Shift Register Merging across Hierarchies                            ; Auto               ; Auto               ;
; Auto Clock Enable Replacement                                              ; On                 ; On                 ;
; Strict RAM Replacement                                                     ; Off                ; Off                ;
; Allow Synchronous Control Signals                                          ; On                 ; On                 ;
; Force Use of Synchronous Clear Signals                                     ; Off                ; Off                ;
; Auto RAM to Logic Cell Conversion                                          ; Off                ; Off                ;
; Auto Resource Sharing                                                      ; Off                ; Off                ;
; Allow Any RAM Size For Recognition                                         ; Off                ; Off                ;
; Allow Any ROM Size For Recognition                                         ; Off                ; Off                ;
; Allow Any Shift Register Size For Recognition                              ; Off                ; Off                ;
; Use LogicLock Constraints during Resource Balancing                        ; On                 ; On                 ;
; Ignore translate_off and synthesis_off directives                          ; Off                ; Off                ;
; Timing-Driven Synthesis                                                    ; Off                ; Off                ;
; Report Parameter Settings                                                  ; On                 ; On                 ;
; Report Source Assignments                                                  ; On                 ; On                 ;
; Report Connectivity Checks                                                 ; On                 ; On                 ;
; Ignore Maximum Fan-Out Assignments                                         ; Off                ; Off                ;
; Synchronization Register Chain Length                                      ; 2                  ; 2                  ;
; PowerPlay Power Optimization                                               ; Normal compilation ; Normal compilation ;
; HDL message level                                                          ; Level2             ; Level2             ;
; Suppress Register Optimization Related Messages                            ; Off                ; Off                ;
; Number of Removed Registers Reported in Synthesis Report                   ; 5000               ; 5000               ;
; Number of Swept Nodes Reported in Synthesis Report                         ; 5000               ; 5000               ;
; Number of Inverted Registers Reported in Synthesis Report                  ; 100                ; 100                ;
; Clock MUX Protection                                                       ; On                 ; On                 ;
; Auto Gated Clock Conversion                                                ; Off                ; Off                ;
; Block Design Naming                                                        ; Auto               ; Auto               ;
; SDC constraint protection                                                  ; Off                ; Off                ;
; Synthesis Effort                                                           ; Auto               ; Auto               ;
; Shift Register Replacement - Allow Asynchronous Clear Signal               ; On                 ; On                 ;
; Pre-Mapping Resynthesis Optimization                                       ; Off                ; Off                ;
; Analysis & Synthesis Message Level                                         ; Medium             ; Medium             ;
; Disable Register Merging Across Hierarchies                                ; Auto               ; Auto               ;
; Resource Aware Inference For Block RAM                                     ; On                 ; On                 ;
; Synthesis Seed                                                             ; 1                  ; 1                  ;
+----------------------------------------------------------------------------+--------------------+--------------------+


Parallel compilation was disabled, but you have multiple processors available. Enable parallel compilation to reduce compilation time.
+-------------------------------------+
; Parallel Compilation                ;
+----------------------------+--------+
; Processors                 ; Number ;
+----------------------------+--------+
; Number detected on machine ; 8      ;
; Maximum allowed            ; 1      ;
+----------------------------+--------+


+----------------------------------------------------------------------------------------------------------------------------------------------------------------------------------------------------+
; Analysis & Synthesis Source Files Read                                                                                                                                                             ;
+----------------------------------+-----------------+------------------------------------------+------------------------------------------------------------------------------------------+---------+
; File Name with User-Entered Path ; Used in Netlist ; File Type                                ; File Name with Absolute Path                                                             ; Library ;
+----------------------------------+-----------------+------------------------------------------+------------------------------------------------------------------------------------------+---------+
; BusSharingDatapath.bdf           ; yes             ; User Block Diagram/Schematic File        ; D:/CE118. Thiet Ke Luan Ly So/designLogic/RegisterTransferDesign/BusSharingDatapath.bdf  ;         ;
; ControlBusSharing.bdf            ; yes             ; User Block Diagram/Schematic File        ; D:/CE118. Thiet Ke Luan Ly So/designLogic/RegisterTransferDesign/ControlBusSharing.bdf   ;         ;
; BusSharing.bdf                   ; yes             ; User Block Diagram/Schematic File        ; D:/CE118. Thiet Ke Luan Ly So/designLogic/RegisterTransferDesign/BusSharing.bdf          ;         ;
; reg16sharing.bdf                 ; yes             ; Auto-Found Block Diagram/Schematic File  ; d:/ce118. thiet ke luan ly so/designlogic/lib/registerfile/reg16sharing.bdf              ;         ;
; oneregister16bit.bdf             ; yes             ; Auto-Found Block Diagram/Schematic File  ; d:/ce118. thiet ke luan ly so/designlogic/lib/registerfile/oneregister16bit.bdf          ;         ;
; register.bdf                     ; yes             ; Auto-Found Block Diagram/Schematic File  ; d:/ce118. thiet ke luan ly so/designlogic/lib/registerfile/register.bdf                  ;         ;
; rfc.bdf                          ; yes             ; Auto-Found Block Diagram/Schematic File  ; d:/ce118. thiet ke luan ly so/designlogic/lib/registerfile/rfc.bdf                       ;         ;
; absmax.bdf                       ; yes             ; Auto-Found Block Diagram/Schematic File  ; d:/ce118. thiet ke luan ly so/designlogic/lib/au/absmax.bdf                              ;         ;
; mux16bit.bdf                     ; yes             ; Auto-Found Block Diagram/Schematic File  ; d:/ce118. thiet ke luan ly so/designlogic/lib/mux/mux16bit.bdf                           ;         ;
; mux8bit.bdf                      ; yes             ; Auto-Found Block Diagram/Schematic File  ; d:/ce118. thiet ke luan ly so/designlogic/lib/mux/mux8bit.bdf                            ;         ;
; mux_4.bdf                        ; yes             ; Auto-Found Block Diagram/Schematic File  ; d:/ce118. thiet ke luan ly so/designlogic/lib/mux/mux_4.bdf                              ;         ;
; sub16bit.bdf                     ; yes             ; Auto-Found Block Diagram/Schematic File  ; d:/ce118. thiet ke luan ly so/designlogic/lib/au/sub16bit.bdf                            ;         ;
; sub8bit.bdf                      ; yes             ; Auto-Found Block Diagram/Schematic File  ; d:/ce118. thiet ke luan ly so/designlogic/lib/au/sub8bit.bdf                             ;         ;
; sub4bit.bdf                      ; yes             ; Auto-Found Block Diagram/Schematic File  ; d:/ce118. thiet ke luan ly so/designlogic/lib/au/sub4bit.bdf                             ;         ;
; sub1bit.bdf                      ; yes             ; Auto-Found Block Diagram/Schematic File  ; d:/ce118. thiet ke luan ly so/designlogic/lib/au/sub1bit.bdf                             ;         ;
; xor3.bdf                         ; yes             ; Megafunction                             ; c:/altera/13.0sp1/quartus/libraries/others/maxplus2/xor3.bdf                             ;         ;
; minabsaddsub.bdf                 ; yes             ; Auto-Found Block Diagram/Schematic File  ; d:/ce118. thiet ke luan ly so/designlogic/lib/au/minabsaddsub.bdf                        ;         ;
; add16bitcaryin.bdf               ; yes             ; Auto-Found Block Diagram/Schematic File  ; d:/ce118. thiet ke luan ly so/designlogic/lib/au/add16bitcaryin.bdf                      ;         ;
; adder8bit.bdf                    ; yes             ; Auto-Found Block Diagram/Schematic File  ; d:/ce118. thiet ke luan ly so/designlogic/lib/au/adder8bit.bdf                           ;         ;
; adder4bit.bdf                    ; yes             ; Auto-Found Block Diagram/Schematic File  ; d:/ce118. thiet ke luan ly so/designlogic/lib/au/adder4bit.bdf                           ;         ;
; fadder1bit.bdf                   ; yes             ; Auto-Found Block Diagram/Schematic File  ; d:/ce118. thiet ke luan ly so/designlogic/lib/au/fadder1bit.bdf                          ;         ;
; shiftright3_16it.bdf             ; yes             ; Auto-Found Block Diagram/Schematic File  ; d:/ce118. thiet ke luan ly so/designlogic/lib/shifter/shiftright3_16it.bdf               ;         ;
; shiftright3bit.bdf               ; yes             ; Auto-Found Block Diagram/Schematic File  ; d:/ce118. thiet ke luan ly so/designlogic/lib/shifter/shiftright3bit.bdf                 ;         ;
; mux2.bdf                         ; yes             ; Auto-Found Block Diagram/Schematic File  ; d:/ce118. thiet ke luan ly so/designlogic/counterupdown8bit/mux2.bdf                     ;         ;
; shiftright1_16bit.bdf            ; yes             ; Auto-Found Block Diagram/Schematic File  ; d:/ce118. thiet ke luan ly so/designlogic/lib/shifter/shiftright1_16bit.bdf              ;         ;
; shiftright1bit.bdf               ; yes             ; Auto-Found Block Diagram/Schematic File  ; d:/ce118. thiet ke luan ly so/designlogic/lib/shifter/shiftright1bit.bdf                 ;         ;
; nextstateregistersharing.bdf     ; yes             ; Auto-Found Block Diagram/Schematic File  ; d:/ce118. thiet ke luan ly so/designlogic/counterupdown8bit/nextstateregistersharing.bdf ;         ;
; counternextstate.bdf             ; yes             ; Auto-Found Block Diagram/Schematic File  ; d:/ce118. thiet ke luan ly so/designlogic/counterupdown8bit/counternextstate.bdf         ;         ;
; has.bdf                          ; yes             ; Auto-Found Block Diagram/Schematic File  ; d:/ce118. thiet ke luan ly so/designlogic/counterupdown8bit/has.bdf                      ;         ;
+----------------------------------+-----------------+------------------------------------------+------------------------------------------------------------------------------------------+---------+


+-----------------------------------------------------------------------------------------------------------------------------------------------------------+
; Analysis & Synthesis Resource Usage Summary                                                                                                               ;
+---------------------------------------------+-------------------------------------------------------------------------------------------------------------+
; Resource                                    ; Usage                                                                                                       ;
+---------------------------------------------+-------------------------------------------------------------------------------------------------------------+
; Estimated Total logic elements              ; 259                                                                                                         ;
;                                             ;                                                                                                             ;
; Total combinational functions               ; 244                                                                                                         ;
; Logic element usage by number of LUT inputs ;                                                                                                             ;
;     -- 4 input functions                    ; 197                                                                                                         ;
;     -- 3 input functions                    ; 41                                                                                                          ;
;     -- <=2 input functions                  ; 6                                                                                                           ;
;                                             ;                                                                                                             ;
; Logic elements by mode                      ;                                                                                                             ;
;     -- normal mode                          ; 244                                                                                                         ;
;     -- arithmetic mode                      ; 0                                                                                                           ;
;                                             ;                                                                                                             ;
; Total registers                             ; 50                                                                                                          ;
;     -- Dedicated logic registers            ; 50                                                                                                          ;
;     -- I/O registers                        ; 0                                                                                                           ;
;                                             ;                                                                                                             ;
; I/O pins                                    ; 54                                                                                                          ;
; Embedded Multiplier 9-bit elements          ; 0                                                                                                           ;
; Maximum fan-out node                        ; ControlBusSharing:Control|NextStateRegisterSharing:nextState1|CounterNextState:instCounterNextState0|inst77 ;
; Maximum fan-out                             ; 118                                                                                                         ;
; Total fan-out                               ; 1106                                                                                                        ;
; Average fan-out                             ; 3.18                                                                                                        ;
+---------------------------------------------+-------------------------------------------------------------------------------------------------------------+


+-----------------------------------------------------------------------------------------------------------------------------------------------------------------------------------------------------------------------------------------------------------------------------------------------------------------------------------+
; Analysis & Synthesis Resource Utilization by Entity                                                                                                                                                                                                                                                                               ;
+---------------------------------------------------+-------------------+--------------+-------------+--------------+---------+-----------+------+--------------+----------------------------------------------------------------------------------------------------------------------------------------------------+--------------+
; Compilation Hierarchy Node                        ; LC Combinationals ; LC Registers ; Memory Bits ; DSP Elements ; DSP 9x9 ; DSP 18x18 ; Pins ; Virtual Pins ; Full Hierarchy Name                                                                                                                                ; Library Name ;
+---------------------------------------------------+-------------------+--------------+-------------+--------------+---------+-----------+------+--------------+----------------------------------------------------------------------------------------------------------------------------------------------------+--------------+
; |BusSharing                                       ; 244 (0)           ; 50 (0)       ; 0           ; 0            ; 0       ; 0         ; 54   ; 0            ; |BusSharing                                                                                                                                        ; work         ;
;    |BusSharingDatapath:inst3|                     ; 233 (148)         ; 47 (0)       ; 0           ; 0            ; 0       ; 0         ; 0    ; 0            ; |BusSharing|BusSharingDatapath:inst3                                                                                                               ; work         ;
;       |AbsMax:AbsMax|                             ; 18 (0)            ; 0 (0)        ; 0           ; 0            ; 0       ; 0         ; 0    ; 0            ; |BusSharing|BusSharingDatapath:inst3|AbsMax:AbsMax                                                                                                 ; work         ;
;          |Sub16BIT:Sub001|                        ; 18 (0)            ; 0 (0)        ; 0           ; 0            ; 0       ; 0         ; 0    ; 0            ; |BusSharing|BusSharingDatapath:inst3|AbsMax:AbsMax|Sub16BIT:Sub001                                                                                 ; work         ;
;             |Sub8BIT:instSub8BIT00|               ; 10 (0)            ; 0 (0)        ; 0           ; 0            ; 0       ; 0         ; 0    ; 0            ; |BusSharing|BusSharingDatapath:inst3|AbsMax:AbsMax|Sub16BIT:Sub001|Sub8BIT:instSub8BIT00                                                           ; work         ;
;                |Sub4BIT:instSub4BIT00|            ; 5 (0)             ; 0 (0)        ; 0           ; 0            ; 0       ; 0         ; 0    ; 0            ; |BusSharing|BusSharingDatapath:inst3|AbsMax:AbsMax|Sub16BIT:Sub001|Sub8BIT:instSub8BIT00|Sub4BIT:instSub4BIT00                                     ; work         ;
;                   |Sub1BIT:instSub1BIT00|         ; 1 (1)             ; 0 (0)        ; 0           ; 0            ; 0       ; 0         ; 0    ; 0            ; |BusSharing|BusSharingDatapath:inst3|AbsMax:AbsMax|Sub16BIT:Sub001|Sub8BIT:instSub8BIT00|Sub4BIT:instSub4BIT00|Sub1BIT:instSub1BIT00               ; work         ;
;                   |Sub1BIT:instSub1BIT0|          ; 1 (1)             ; 0 (0)        ; 0           ; 0            ; 0       ; 0         ; 0    ; 0            ; |BusSharing|BusSharingDatapath:inst3|AbsMax:AbsMax|Sub16BIT:Sub001|Sub8BIT:instSub8BIT00|Sub4BIT:instSub4BIT00|Sub1BIT:instSub1BIT0                ; work         ;
;                   |Sub1BIT:instSub1BIT1|          ; 1 (1)             ; 0 (0)        ; 0           ; 0            ; 0       ; 0         ; 0    ; 0            ; |BusSharing|BusSharingDatapath:inst3|AbsMax:AbsMax|Sub16BIT:Sub001|Sub8BIT:instSub8BIT00|Sub4BIT:instSub4BIT00|Sub1BIT:instSub1BIT1                ; work         ;
;                   |Sub1BIT:instSub1BIT2|          ; 2 (2)             ; 0 (0)        ; 0           ; 0            ; 0       ; 0         ; 0    ; 0            ; |BusSharing|BusSharingDatapath:inst3|AbsMax:AbsMax|Sub16BIT:Sub001|Sub8BIT:instSub8BIT00|Sub4BIT:instSub4BIT00|Sub1BIT:instSub1BIT2                ; work         ;
;                |Sub4BIT:instSub4BIT0|             ; 5 (0)             ; 0 (0)        ; 0           ; 0            ; 0       ; 0         ; 0    ; 0            ; |BusSharing|BusSharingDatapath:inst3|AbsMax:AbsMax|Sub16BIT:Sub001|Sub8BIT:instSub8BIT00|Sub4BIT:instSub4BIT0                                      ; work         ;
;                   |Sub1BIT:instSub1BIT00|         ; 2 (2)             ; 0 (0)        ; 0           ; 0            ; 0       ; 0         ; 0    ; 0            ; |BusSharing|BusSharingDatapath:inst3|AbsMax:AbsMax|Sub16BIT:Sub001|Sub8BIT:instSub8BIT00|Sub4BIT:instSub4BIT0|Sub1BIT:instSub1BIT00                ; work         ;
;                   |Sub1BIT:instSub1BIT0|          ; 1 (1)             ; 0 (0)        ; 0           ; 0            ; 0       ; 0         ; 0    ; 0            ; |BusSharing|BusSharingDatapath:inst3|AbsMax:AbsMax|Sub16BIT:Sub001|Sub8BIT:instSub8BIT00|Sub4BIT:instSub4BIT0|Sub1BIT:instSub1BIT0                 ; work         ;
;                   |Sub1BIT:instSub1BIT1|          ; 1 (1)             ; 0 (0)        ; 0           ; 0            ; 0       ; 0         ; 0    ; 0            ; |BusSharing|BusSharingDatapath:inst3|AbsMax:AbsMax|Sub16BIT:Sub001|Sub8BIT:instSub8BIT00|Sub4BIT:instSub4BIT0|Sub1BIT:instSub1BIT1                 ; work         ;
;                   |Sub1BIT:instSub1BIT2|          ; 1 (1)             ; 0 (0)        ; 0           ; 0            ; 0       ; 0         ; 0    ; 0            ; |BusSharing|BusSharingDatapath:inst3|AbsMax:AbsMax|Sub16BIT:Sub001|Sub8BIT:instSub8BIT00|Sub4BIT:instSub4BIT0|Sub1BIT:instSub1BIT2                 ; work         ;
;             |Sub8BIT:instSub8BIT0|                ; 8 (0)             ; 0 (0)        ; 0           ; 0            ; 0       ; 0         ; 0    ; 0            ; |BusSharing|BusSharingDatapath:inst3|AbsMax:AbsMax|Sub16BIT:Sub001|Sub8BIT:instSub8BIT0                                                            ; work         ;
;                |Sub4BIT:instSub4BIT00|            ; 4 (0)             ; 0 (0)        ; 0           ; 0            ; 0       ; 0         ; 0    ; 0            ; |BusSharing|BusSharingDatapath:inst3|AbsMax:AbsMax|Sub16BIT:Sub001|Sub8BIT:instSub8BIT0|Sub4BIT:instSub4BIT00                                      ; work         ;
;                   |Sub1BIT:instSub1BIT00|         ; 1 (1)             ; 0 (0)        ; 0           ; 0            ; 0       ; 0         ; 0    ; 0            ; |BusSharing|BusSharingDatapath:inst3|AbsMax:AbsMax|Sub16BIT:Sub001|Sub8BIT:instSub8BIT0|Sub4BIT:instSub4BIT00|Sub1BIT:instSub1BIT00                ; work         ;
;                   |Sub1BIT:instSub1BIT0|          ; 1 (1)             ; 0 (0)        ; 0           ; 0            ; 0       ; 0         ; 0    ; 0            ; |BusSharing|BusSharingDatapath:inst3|AbsMax:AbsMax|Sub16BIT:Sub001|Sub8BIT:instSub8BIT0|Sub4BIT:instSub4BIT00|Sub1BIT:instSub1BIT0                 ; work         ;
;                   |Sub1BIT:instSub1BIT1|          ; 1 (1)             ; 0 (0)        ; 0           ; 0            ; 0       ; 0         ; 0    ; 0            ; |BusSharing|BusSharingDatapath:inst3|AbsMax:AbsMax|Sub16BIT:Sub001|Sub8BIT:instSub8BIT0|Sub4BIT:instSub4BIT00|Sub1BIT:instSub1BIT1                 ; work         ;
;                   |Sub1BIT:instSub1BIT2|          ; 1 (1)             ; 0 (0)        ; 0           ; 0            ; 0       ; 0         ; 0    ; 0            ; |BusSharing|BusSharingDatapath:inst3|AbsMax:AbsMax|Sub16BIT:Sub001|Sub8BIT:instSub8BIT0|Sub4BIT:instSub4BIT00|Sub1BIT:instSub1BIT2                 ; work         ;
;                |Sub4BIT:instSub4BIT0|             ; 4 (0)             ; 0 (0)        ; 0           ; 0            ; 0       ; 0         ; 0    ; 0            ; |BusSharing|BusSharingDatapath:inst3|AbsMax:AbsMax|Sub16BIT:Sub001|Sub8BIT:instSub8BIT0|Sub4BIT:instSub4BIT0                                       ; work         ;
;                   |Sub1BIT:instSub1BIT00|         ; 1 (1)             ; 0 (0)        ; 0           ; 0            ; 0       ; 0         ; 0    ; 0            ; |BusSharing|BusSharingDatapath:inst3|AbsMax:AbsMax|Sub16BIT:Sub001|Sub8BIT:instSub8BIT0|Sub4BIT:instSub4BIT0|Sub1BIT:instSub1BIT00                 ; work         ;
;                   |Sub1BIT:instSub1BIT0|          ; 1 (1)             ; 0 (0)        ; 0           ; 0            ; 0       ; 0         ; 0    ; 0            ; |BusSharing|BusSharingDatapath:inst3|AbsMax:AbsMax|Sub16BIT:Sub001|Sub8BIT:instSub8BIT0|Sub4BIT:instSub4BIT0|Sub1BIT:instSub1BIT0                  ; work         ;
;                   |Sub1BIT:instSub1BIT1|          ; 1 (1)             ; 0 (0)        ; 0           ; 0            ; 0       ; 0         ; 0    ; 0            ; |BusSharing|BusSharingDatapath:inst3|AbsMax:AbsMax|Sub16BIT:Sub001|Sub8BIT:instSub8BIT0|Sub4BIT:instSub4BIT0|Sub1BIT:instSub1BIT1                  ; work         ;
;                   |Sub1BIT:instSub1BIT2|          ; 1 (0)             ; 0 (0)        ; 0           ; 0            ; 0       ; 0         ; 0    ; 0            ; |BusSharing|BusSharingDatapath:inst3|AbsMax:AbsMax|Sub16BIT:Sub001|Sub8BIT:instSub8BIT0|Sub4BIT:instSub4BIT0|Sub1BIT:instSub1BIT2                  ; work         ;
;                      |xor3:instXOR00|             ; 1 (1)             ; 0 (0)        ; 0           ; 0            ; 0       ; 0         ; 0    ; 0            ; |BusSharing|BusSharingDatapath:inst3|AbsMax:AbsMax|Sub16BIT:Sub001|Sub8BIT:instSub8BIT0|Sub4BIT:instSub4BIT0|Sub1BIT:instSub1BIT2|xor3:instXOR00   ; work         ;
;       |MinAbsAddSub:inst2|                        ; 50 (18)           ; 0 (0)        ; 0           ; 0            ; 0       ; 0         ; 0    ; 0            ; |BusSharing|BusSharingDatapath:inst3|MinAbsAddSub:inst2                                                                                            ; work         ;
;          |Add16bitCaryin:inst|                    ; 32 (0)            ; 0 (0)        ; 0           ; 0            ; 0       ; 0         ; 0    ; 0            ; |BusSharing|BusSharingDatapath:inst3|MinAbsAddSub:inst2|Add16bitCaryin:inst                                                                        ; work         ;
;             |Adder8Bit:instAdder8Bit00|           ; 16 (0)            ; 0 (0)        ; 0           ; 0            ; 0       ; 0         ; 0    ; 0            ; |BusSharing|BusSharingDatapath:inst3|MinAbsAddSub:inst2|Add16bitCaryin:inst|Adder8Bit:instAdder8Bit00                                              ; work         ;
;                |Adder4Bit:inst00|                 ; 8 (0)             ; 0 (0)        ; 0           ; 0            ; 0       ; 0         ; 0    ; 0            ; |BusSharing|BusSharingDatapath:inst3|MinAbsAddSub:inst2|Add16bitCaryin:inst|Adder8Bit:instAdder8Bit00|Adder4Bit:inst00                             ; work         ;
;                   |FAdder1Bit:instFAdder1Bit00|   ; 2 (2)             ; 0 (0)        ; 0           ; 0            ; 0       ; 0         ; 0    ; 0            ; |BusSharing|BusSharingDatapath:inst3|MinAbsAddSub:inst2|Add16bitCaryin:inst|Adder8Bit:instAdder8Bit00|Adder4Bit:inst00|FAdder1Bit:instFAdder1Bit00 ; work         ;
;                   |FAdder1Bit:instFAdder1Bit0|    ; 2 (2)             ; 0 (0)        ; 0           ; 0            ; 0       ; 0         ; 0    ; 0            ; |BusSharing|BusSharingDatapath:inst3|MinAbsAddSub:inst2|Add16bitCaryin:inst|Adder8Bit:instAdder8Bit00|Adder4Bit:inst00|FAdder1Bit:instFAdder1Bit0  ; work         ;
;                   |FAdder1Bit:instFAdder1Bit1|    ; 2 (2)             ; 0 (0)        ; 0           ; 0            ; 0       ; 0         ; 0    ; 0            ; |BusSharing|BusSharingDatapath:inst3|MinAbsAddSub:inst2|Add16bitCaryin:inst|Adder8Bit:instAdder8Bit00|Adder4Bit:inst00|FAdder1Bit:instFAdder1Bit1  ; work         ;
;                   |FAdder1Bit:instFAdder1Bit2|    ; 2 (2)             ; 0 (0)        ; 0           ; 0            ; 0       ; 0         ; 0    ; 0            ; |BusSharing|BusSharingDatapath:inst3|MinAbsAddSub:inst2|Add16bitCaryin:inst|Adder8Bit:instAdder8Bit00|Adder4Bit:inst00|FAdder1Bit:instFAdder1Bit2  ; work         ;
;                |Adder4Bit:inst0|                  ; 8 (0)             ; 0 (0)        ; 0           ; 0            ; 0       ; 0         ; 0    ; 0            ; |BusSharing|BusSharingDatapath:inst3|MinAbsAddSub:inst2|Add16bitCaryin:inst|Adder8Bit:instAdder8Bit00|Adder4Bit:inst0                              ; work         ;
;                   |FAdder1Bit:instFAdder1Bit00|   ; 2 (2)             ; 0 (0)        ; 0           ; 0            ; 0       ; 0         ; 0    ; 0            ; |BusSharing|BusSharingDatapath:inst3|MinAbsAddSub:inst2|Add16bitCaryin:inst|Adder8Bit:instAdder8Bit00|Adder4Bit:inst0|FAdder1Bit:instFAdder1Bit00  ; work         ;
;                   |FAdder1Bit:instFAdder1Bit0|    ; 2 (2)             ; 0 (0)        ; 0           ; 0            ; 0       ; 0         ; 0    ; 0            ; |BusSharing|BusSharingDatapath:inst3|MinAbsAddSub:inst2|Add16bitCaryin:inst|Adder8Bit:instAdder8Bit00|Adder4Bit:inst0|FAdder1Bit:instFAdder1Bit0   ; work         ;
;                   |FAdder1Bit:instFAdder1Bit1|    ; 2 (2)             ; 0 (0)        ; 0           ; 0            ; 0       ; 0         ; 0    ; 0            ; |BusSharing|BusSharingDatapath:inst3|MinAbsAddSub:inst2|Add16bitCaryin:inst|Adder8Bit:instAdder8Bit00|Adder4Bit:inst0|FAdder1Bit:instFAdder1Bit1   ; work         ;
;                   |FAdder1Bit:instFAdder1Bit2|    ; 2 (2)             ; 0 (0)        ; 0           ; 0            ; 0       ; 0         ; 0    ; 0            ; |BusSharing|BusSharingDatapath:inst3|MinAbsAddSub:inst2|Add16bitCaryin:inst|Adder8Bit:instAdder8Bit00|Adder4Bit:inst0|FAdder1Bit:instFAdder1Bit2   ; work         ;
;             |Adder8Bit:instAdder8Bit0|            ; 16 (0)            ; 0 (0)        ; 0           ; 0            ; 0       ; 0         ; 0    ; 0            ; |BusSharing|BusSharingDatapath:inst3|MinAbsAddSub:inst2|Add16bitCaryin:inst|Adder8Bit:instAdder8Bit0                                               ; work         ;
;                |Adder4Bit:inst00|                 ; 9 (0)             ; 0 (0)        ; 0           ; 0            ; 0       ; 0         ; 0    ; 0            ; |BusSharing|BusSharingDatapath:inst3|MinAbsAddSub:inst2|Add16bitCaryin:inst|Adder8Bit:instAdder8Bit0|Adder4Bit:inst00                              ; work         ;
;                   |FAdder1Bit:instFAdder1Bit00|   ; 3 (3)             ; 0 (0)        ; 0           ; 0            ; 0       ; 0         ; 0    ; 0            ; |BusSharing|BusSharingDatapath:inst3|MinAbsAddSub:inst2|Add16bitCaryin:inst|Adder8Bit:instAdder8Bit0|Adder4Bit:inst00|FAdder1Bit:instFAdder1Bit00  ; work         ;
;                   |FAdder1Bit:instFAdder1Bit0|    ; 2 (2)             ; 0 (0)        ; 0           ; 0            ; 0       ; 0         ; 0    ; 0            ; |BusSharing|BusSharingDatapath:inst3|MinAbsAddSub:inst2|Add16bitCaryin:inst|Adder8Bit:instAdder8Bit0|Adder4Bit:inst00|FAdder1Bit:instFAdder1Bit0   ; work         ;
;                   |FAdder1Bit:instFAdder1Bit1|    ; 2 (2)             ; 0 (0)        ; 0           ; 0            ; 0       ; 0         ; 0    ; 0            ; |BusSharing|BusSharingDatapath:inst3|MinAbsAddSub:inst2|Add16bitCaryin:inst|Adder8Bit:instAdder8Bit0|Adder4Bit:inst00|FAdder1Bit:instFAdder1Bit1   ; work         ;
;                   |FAdder1Bit:instFAdder1Bit2|    ; 2 (2)             ; 0 (0)        ; 0           ; 0            ; 0       ; 0         ; 0    ; 0            ; |BusSharing|BusSharingDatapath:inst3|MinAbsAddSub:inst2|Add16bitCaryin:inst|Adder8Bit:instAdder8Bit0|Adder4Bit:inst00|FAdder1Bit:instFAdder1Bit2   ; work         ;
;                |Adder4Bit:inst0|                  ; 7 (0)             ; 0 (0)        ; 0           ; 0            ; 0       ; 0         ; 0    ; 0            ; |BusSharing|BusSharingDatapath:inst3|MinAbsAddSub:inst2|Add16bitCaryin:inst|Adder8Bit:instAdder8Bit0|Adder4Bit:inst0                               ; work         ;
;                   |FAdder1Bit:instFAdder1Bit00|   ; 2 (2)             ; 0 (0)        ; 0           ; 0            ; 0       ; 0         ; 0    ; 0            ; |BusSharing|BusSharingDatapath:inst3|MinAbsAddSub:inst2|Add16bitCaryin:inst|Adder8Bit:instAdder8Bit0|Adder4Bit:inst0|FAdder1Bit:instFAdder1Bit00   ; work         ;
;                   |FAdder1Bit:instFAdder1Bit0|    ; 2 (2)             ; 0 (0)        ; 0           ; 0            ; 0       ; 0         ; 0    ; 0            ; |BusSharing|BusSharingDatapath:inst3|MinAbsAddSub:inst2|Add16bitCaryin:inst|Adder8Bit:instAdder8Bit0|Adder4Bit:inst0|FAdder1Bit:instFAdder1Bit0    ; work         ;
;                   |FAdder1Bit:instFAdder1Bit1|    ; 2 (2)             ; 0 (0)        ; 0           ; 0            ; 0       ; 0         ; 0    ; 0            ; |BusSharing|BusSharingDatapath:inst3|MinAbsAddSub:inst2|Add16bitCaryin:inst|Adder8Bit:instAdder8Bit0|Adder4Bit:inst0|FAdder1Bit:instFAdder1Bit1    ; work         ;
;                   |FAdder1Bit:instFAdder1Bit2|    ; 1 (1)             ; 0 (0)        ; 0           ; 0            ; 0       ; 0         ; 0    ; 0            ; |BusSharing|BusSharingDatapath:inst3|MinAbsAddSub:inst2|Add16bitCaryin:inst|Adder8Bit:instAdder8Bit0|Adder4Bit:inst0|FAdder1Bit:instFAdder1Bit2    ; work         ;
;       |Reg16Sharing:inst1|                        ; 16 (0)            ; 16 (0)       ; 0           ; 0            ; 0       ; 0         ; 0    ; 0            ; |BusSharing|BusSharingDatapath:inst3|Reg16Sharing:inst1                                                                                            ; work         ;
;          |OneRegister16bit:Register0|             ; 16 (0)            ; 16 (0)       ; 0           ; 0            ; 0       ; 0         ; 0    ; 0            ; |BusSharing|BusSharingDatapath:inst3|Reg16Sharing:inst1|OneRegister16bit:Register0                                                                 ; work         ;
;             |Register:instReg00|                  ; 9 (0)             ; 8 (0)        ; 0           ; 0            ; 0       ; 0         ; 0    ; 0            ; |BusSharing|BusSharingDatapath:inst3|Reg16Sharing:inst1|OneRegister16bit:Register0|Register:instReg00                                              ; work         ;
;                |RFC:instRFC00|                    ; 1 (1)             ; 1 (1)        ; 0           ; 0            ; 0       ; 0         ; 0    ; 0            ; |BusSharing|BusSharingDatapath:inst3|Reg16Sharing:inst1|OneRegister16bit:Register0|Register:instReg00|RFC:instRFC00                                ; work         ;
;                |RFC:instRFC0|                     ; 1 (1)             ; 1 (1)        ; 0           ; 0            ; 0       ; 0         ; 0    ; 0            ; |BusSharing|BusSharingDatapath:inst3|Reg16Sharing:inst1|OneRegister16bit:Register0|Register:instReg00|RFC:instRFC0                                 ; work         ;
;                |RFC:instRFC1|                     ; 1 (1)             ; 1 (1)        ; 0           ; 0            ; 0       ; 0         ; 0    ; 0            ; |BusSharing|BusSharingDatapath:inst3|Reg16Sharing:inst1|OneRegister16bit:Register0|Register:instReg00|RFC:instRFC1                                 ; work         ;
;                |RFC:instRFC2|                     ; 1 (1)             ; 1 (1)        ; 0           ; 0            ; 0       ; 0         ; 0    ; 0            ; |BusSharing|BusSharingDatapath:inst3|Reg16Sharing:inst1|OneRegister16bit:Register0|Register:instReg00|RFC:instRFC2                                 ; work         ;
;                |RFC:instRFC3|                     ; 1 (1)             ; 1 (1)        ; 0           ; 0            ; 0       ; 0         ; 0    ; 0            ; |BusSharing|BusSharingDatapath:inst3|Reg16Sharing:inst1|OneRegister16bit:Register0|Register:instReg00|RFC:instRFC3                                 ; work         ;
;                |RFC:instRFC4|                     ; 1 (1)             ; 1 (1)        ; 0           ; 0            ; 0       ; 0         ; 0    ; 0            ; |BusSharing|BusSharingDatapath:inst3|Reg16Sharing:inst1|OneRegister16bit:Register0|Register:instReg00|RFC:instRFC4                                 ; work         ;
;                |RFC:instRFC5|                     ; 1 (1)             ; 1 (1)        ; 0           ; 0            ; 0       ; 0         ; 0    ; 0            ; |BusSharing|BusSharingDatapath:inst3|Reg16Sharing:inst1|OneRegister16bit:Register0|Register:instReg00|RFC:instRFC5                                 ; work         ;
;                |RFC:instRFC6|                     ; 2 (2)             ; 1 (1)        ; 0           ; 0            ; 0       ; 0         ; 0    ; 0            ; |BusSharing|BusSharingDatapath:inst3|Reg16Sharing:inst1|OneRegister16bit:Register0|Register:instReg00|RFC:instRFC6                                 ; work         ;
;             |Register:instReg0|                   ; 7 (0)             ; 8 (0)        ; 0           ; 0            ; 0       ; 0         ; 0    ; 0            ; |BusSharing|BusSharingDatapath:inst3|Reg16Sharing:inst1|OneRegister16bit:Register0|Register:instReg0                                               ; work         ;
;                |RFC:instRFC00|                    ; 0 (0)             ; 1 (1)        ; 0           ; 0            ; 0       ; 0         ; 0    ; 0            ; |BusSharing|BusSharingDatapath:inst3|Reg16Sharing:inst1|OneRegister16bit:Register0|Register:instReg0|RFC:instRFC00                                 ; work         ;
;                |RFC:instRFC0|                     ; 1 (1)             ; 1 (1)        ; 0           ; 0            ; 0       ; 0         ; 0    ; 0            ; |BusSharing|BusSharingDatapath:inst3|Reg16Sharing:inst1|OneRegister16bit:Register0|Register:instReg0|RFC:instRFC0                                  ; work         ;
;                |RFC:instRFC1|                     ; 1 (1)             ; 1 (1)        ; 0           ; 0            ; 0       ; 0         ; 0    ; 0            ; |BusSharing|BusSharingDatapath:inst3|Reg16Sharing:inst1|OneRegister16bit:Register0|Register:instReg0|RFC:instRFC1                                  ; work         ;
;                |RFC:instRFC2|                     ; 1 (1)             ; 1 (1)        ; 0           ; 0            ; 0       ; 0         ; 0    ; 0            ; |BusSharing|BusSharingDatapath:inst3|Reg16Sharing:inst1|OneRegister16bit:Register0|Register:instReg0|RFC:instRFC2                                  ; work         ;
;                |RFC:instRFC3|                     ; 1 (1)             ; 1 (1)        ; 0           ; 0            ; 0       ; 0         ; 0    ; 0            ; |BusSharing|BusSharingDatapath:inst3|Reg16Sharing:inst1|OneRegister16bit:Register0|Register:instReg0|RFC:instRFC3                                  ; work         ;
;                |RFC:instRFC4|                     ; 1 (1)             ; 1 (1)        ; 0           ; 0            ; 0       ; 0         ; 0    ; 0            ; |BusSharing|BusSharingDatapath:inst3|Reg16Sharing:inst1|OneRegister16bit:Register0|Register:instReg0|RFC:instRFC4                                  ; work         ;
;                |RFC:instRFC5|                     ; 1 (1)             ; 1 (1)        ; 0           ; 0            ; 0       ; 0         ; 0    ; 0            ; |BusSharing|BusSharingDatapath:inst3|Reg16Sharing:inst1|OneRegister16bit:Register0|Register:instReg0|RFC:instRFC5                                  ; work         ;
;                |RFC:instRFC6|                     ; 1 (1)             ; 1 (1)        ; 0           ; 0            ; 0       ; 0         ; 0    ; 0            ; |BusSharing|BusSharingDatapath:inst3|Reg16Sharing:inst1|OneRegister16bit:Register0|Register:instReg0|RFC:instRFC6                                  ; work         ;
;       |Reg16Sharing:inst4|                        ; 1 (0)             ; 16 (0)       ; 0           ; 0            ; 0       ; 0         ; 0    ; 0            ; |BusSharing|BusSharingDatapath:inst3|Reg16Sharing:inst4                                                                                            ; work         ;
;          |OneRegister16bit:Register0|             ; 1 (0)             ; 16 (0)       ; 0           ; 0            ; 0       ; 0         ; 0    ; 0            ; |BusSharing|BusSharingDatapath:inst3|Reg16Sharing:inst4|OneRegister16bit:Register0                                                                 ; work         ;
;             |Register:instReg00|                  ; 1 (0)             ; 8 (0)        ; 0           ; 0            ; 0       ; 0         ; 0    ; 0            ; |BusSharing|BusSharingDatapath:inst3|Reg16Sharing:inst4|OneRegister16bit:Register0|Register:instReg00                                              ; work         ;
;                |RFC:instRFC00|                    ; 0 (0)             ; 1 (1)        ; 0           ; 0            ; 0       ; 0         ; 0    ; 0            ; |BusSharing|BusSharingDatapath:inst3|Reg16Sharing:inst4|OneRegister16bit:Register0|Register:instReg00|RFC:instRFC00                                ; work         ;
;                |RFC:instRFC0|                     ; 0 (0)             ; 1 (1)        ; 0           ; 0            ; 0       ; 0         ; 0    ; 0            ; |BusSharing|BusSharingDatapath:inst3|Reg16Sharing:inst4|OneRegister16bit:Register0|Register:instReg00|RFC:instRFC0                                 ; work         ;
;                |RFC:instRFC1|                     ; 0 (0)             ; 1 (1)        ; 0           ; 0            ; 0       ; 0         ; 0    ; 0            ; |BusSharing|BusSharingDatapath:inst3|Reg16Sharing:inst4|OneRegister16bit:Register0|Register:instReg00|RFC:instRFC1                                 ; work         ;
;                |RFC:instRFC2|                     ; 0 (0)             ; 1 (1)        ; 0           ; 0            ; 0       ; 0         ; 0    ; 0            ; |BusSharing|BusSharingDatapath:inst3|Reg16Sharing:inst4|OneRegister16bit:Register0|Register:instReg00|RFC:instRFC2                                 ; work         ;
;                |RFC:instRFC3|                     ; 0 (0)             ; 1 (1)        ; 0           ; 0            ; 0       ; 0         ; 0    ; 0            ; |BusSharing|BusSharingDatapath:inst3|Reg16Sharing:inst4|OneRegister16bit:Register0|Register:instReg00|RFC:instRFC3                                 ; work         ;
;                |RFC:instRFC4|                     ; 0 (0)             ; 1 (1)        ; 0           ; 0            ; 0       ; 0         ; 0    ; 0            ; |BusSharing|BusSharingDatapath:inst3|Reg16Sharing:inst4|OneRegister16bit:Register0|Register:instReg00|RFC:instRFC4                                 ; work         ;
;                |RFC:instRFC5|                     ; 0 (0)             ; 1 (1)        ; 0           ; 0            ; 0       ; 0         ; 0    ; 0            ; |BusSharing|BusSharingDatapath:inst3|Reg16Sharing:inst4|OneRegister16bit:Register0|Register:instReg00|RFC:instRFC5                                 ; work         ;
;                |RFC:instRFC6|                     ; 1 (1)             ; 1 (1)        ; 0           ; 0            ; 0       ; 0         ; 0    ; 0            ; |BusSharing|BusSharingDatapath:inst3|Reg16Sharing:inst4|OneRegister16bit:Register0|Register:instReg00|RFC:instRFC6                                 ; work         ;
;             |Register:instReg0|                   ; 0 (0)             ; 8 (0)        ; 0           ; 0            ; 0       ; 0         ; 0    ; 0            ; |BusSharing|BusSharingDatapath:inst3|Reg16Sharing:inst4|OneRegister16bit:Register0|Register:instReg0                                               ; work         ;
;                |RFC:instRFC00|                    ; 0 (0)             ; 1 (1)        ; 0           ; 0            ; 0       ; 0         ; 0    ; 0            ; |BusSharing|BusSharingDatapath:inst3|Reg16Sharing:inst4|OneRegister16bit:Register0|Register:instReg0|RFC:instRFC00                                 ; work         ;
;                |RFC:instRFC0|                     ; 0 (0)             ; 1 (1)        ; 0           ; 0            ; 0       ; 0         ; 0    ; 0            ; |BusSharing|BusSharingDatapath:inst3|Reg16Sharing:inst4|OneRegister16bit:Register0|Register:instReg0|RFC:instRFC0                                  ; work         ;
;                |RFC:instRFC1|                     ; 0 (0)             ; 1 (1)        ; 0           ; 0            ; 0       ; 0         ; 0    ; 0            ; |BusSharing|BusSharingDatapath:inst3|Reg16Sharing:inst4|OneRegister16bit:Register0|Register:instReg0|RFC:instRFC1                                  ; work         ;
;                |RFC:instRFC2|                     ; 0 (0)             ; 1 (1)        ; 0           ; 0            ; 0       ; 0         ; 0    ; 0            ; |BusSharing|BusSharingDatapath:inst3|Reg16Sharing:inst4|OneRegister16bit:Register0|Register:instReg0|RFC:instRFC2                                  ; work         ;
;                |RFC:instRFC3|                     ; 0 (0)             ; 1 (1)        ; 0           ; 0            ; 0       ; 0         ; 0    ; 0            ; |BusSharing|BusSharingDatapath:inst3|Reg16Sharing:inst4|OneRegister16bit:Register0|Register:instReg0|RFC:instRFC3                                  ; work         ;
;                |RFC:instRFC4|                     ; 0 (0)             ; 1 (1)        ; 0           ; 0            ; 0       ; 0         ; 0    ; 0            ; |BusSharing|BusSharingDatapath:inst3|Reg16Sharing:inst4|OneRegister16bit:Register0|Register:instReg0|RFC:instRFC4                                  ; work         ;
;                |RFC:instRFC5|                     ; 0 (0)             ; 1 (1)        ; 0           ; 0            ; 0       ; 0         ; 0    ; 0            ; |BusSharing|BusSharingDatapath:inst3|Reg16Sharing:inst4|OneRegister16bit:Register0|Register:instReg0|RFC:instRFC5                                  ; work         ;
;                |RFC:instRFC6|                     ; 0 (0)             ; 1 (1)        ; 0           ; 0            ; 0       ; 0         ; 0    ; 0            ; |BusSharing|BusSharingDatapath:inst3|Reg16Sharing:inst4|OneRegister16bit:Register0|Register:instReg0|RFC:instRFC6                                  ; work         ;
;       |Reg16Sharing:inst5|                        ; 0 (0)             ; 15 (0)       ; 0           ; 0            ; 0       ; 0         ; 0    ; 0            ; |BusSharing|BusSharingDatapath:inst3|Reg16Sharing:inst5                                                                                            ; work         ;
;          |OneRegister16bit:Register0|             ; 0 (0)             ; 15 (0)       ; 0           ; 0            ; 0       ; 0         ; 0    ; 0            ; |BusSharing|BusSharingDatapath:inst3|Reg16Sharing:inst5|OneRegister16bit:Register0                                                                 ; work         ;
;             |Register:instReg00|                  ; 0 (0)             ; 7 (0)        ; 0           ; 0            ; 0       ; 0         ; 0    ; 0            ; |BusSharing|BusSharingDatapath:inst3|Reg16Sharing:inst5|OneRegister16bit:Register0|Register:instReg00                                              ; work         ;
;                |RFC:instRFC00|                    ; 0 (0)             ; 1 (1)        ; 0           ; 0            ; 0       ; 0         ; 0    ; 0            ; |BusSharing|BusSharingDatapath:inst3|Reg16Sharing:inst5|OneRegister16bit:Register0|Register:instReg00|RFC:instRFC00                                ; work         ;
;                |RFC:instRFC0|                     ; 0 (0)             ; 1 (1)        ; 0           ; 0            ; 0       ; 0         ; 0    ; 0            ; |BusSharing|BusSharingDatapath:inst3|Reg16Sharing:inst5|OneRegister16bit:Register0|Register:instReg00|RFC:instRFC0                                 ; work         ;
;                |RFC:instRFC1|                     ; 0 (0)             ; 1 (1)        ; 0           ; 0            ; 0       ; 0         ; 0    ; 0            ; |BusSharing|BusSharingDatapath:inst3|Reg16Sharing:inst5|OneRegister16bit:Register0|Register:instReg00|RFC:instRFC1                                 ; work         ;
;                |RFC:instRFC2|                     ; 0 (0)             ; 1 (1)        ; 0           ; 0            ; 0       ; 0         ; 0    ; 0            ; |BusSharing|BusSharingDatapath:inst3|Reg16Sharing:inst5|OneRegister16bit:Register0|Register:instReg00|RFC:instRFC2                                 ; work         ;
;                |RFC:instRFC3|                     ; 0 (0)             ; 1 (1)        ; 0           ; 0            ; 0       ; 0         ; 0    ; 0            ; |BusSharing|BusSharingDatapath:inst3|Reg16Sharing:inst5|OneRegister16bit:Register0|Register:instReg00|RFC:instRFC3                                 ; work         ;
;                |RFC:instRFC4|                     ; 0 (0)             ; 1 (1)        ; 0           ; 0            ; 0       ; 0         ; 0    ; 0            ; |BusSharing|BusSharingDatapath:inst3|Reg16Sharing:inst5|OneRegister16bit:Register0|Register:instReg00|RFC:instRFC4                                 ; work         ;
;                |RFC:instRFC5|                     ; 0 (0)             ; 1 (1)        ; 0           ; 0            ; 0       ; 0         ; 0    ; 0            ; |BusSharing|BusSharingDatapath:inst3|Reg16Sharing:inst5|OneRegister16bit:Register0|Register:instReg00|RFC:instRFC5                                 ; work         ;
;             |Register:instReg0|                   ; 0 (0)             ; 8 (0)        ; 0           ; 0            ; 0       ; 0         ; 0    ; 0            ; |BusSharing|BusSharingDatapath:inst3|Reg16Sharing:inst5|OneRegister16bit:Register0|Register:instReg0                                               ; work         ;
;                |RFC:instRFC00|                    ; 0 (0)             ; 1 (1)        ; 0           ; 0            ; 0       ; 0         ; 0    ; 0            ; |BusSharing|BusSharingDatapath:inst3|Reg16Sharing:inst5|OneRegister16bit:Register0|Register:instReg0|RFC:instRFC00                                 ; work         ;
;                |RFC:instRFC0|                     ; 0 (0)             ; 1 (1)        ; 0           ; 0            ; 0       ; 0         ; 0    ; 0            ; |BusSharing|BusSharingDatapath:inst3|Reg16Sharing:inst5|OneRegister16bit:Register0|Register:instReg0|RFC:instRFC0                                  ; work         ;
;                |RFC:instRFC1|                     ; 0 (0)             ; 1 (1)        ; 0           ; 0            ; 0       ; 0         ; 0    ; 0            ; |BusSharing|BusSharingDatapath:inst3|Reg16Sharing:inst5|OneRegister16bit:Register0|Register:instReg0|RFC:instRFC1                                  ; work         ;
;                |RFC:instRFC2|                     ; 0 (0)             ; 1 (1)        ; 0           ; 0            ; 0       ; 0         ; 0    ; 0            ; |BusSharing|BusSharingDatapath:inst3|Reg16Sharing:inst5|OneRegister16bit:Register0|Register:instReg0|RFC:instRFC2                                  ; work         ;
;                |RFC:instRFC3|                     ; 0 (0)             ; 1 (1)        ; 0           ; 0            ; 0       ; 0         ; 0    ; 0            ; |BusSharing|BusSharingDatapath:inst3|Reg16Sharing:inst5|OneRegister16bit:Register0|Register:instReg0|RFC:instRFC3                                  ; work         ;
;                |RFC:instRFC4|                     ; 0 (0)             ; 1 (1)        ; 0           ; 0            ; 0       ; 0         ; 0    ; 0            ; |BusSharing|BusSharingDatapath:inst3|Reg16Sharing:inst5|OneRegister16bit:Register0|Register:instReg0|RFC:instRFC4                                  ; work         ;
;                |RFC:instRFC5|                     ; 0 (0)             ; 1 (1)        ; 0           ; 0            ; 0       ; 0         ; 0    ; 0            ; |BusSharing|BusSharingDatapath:inst3|Reg16Sharing:inst5|OneRegister16bit:Register0|Register:instReg0|RFC:instRFC5                                  ; work         ;
;                |RFC:instRFC6|                     ; 0 (0)             ; 1 (1)        ; 0           ; 0            ; 0       ; 0         ; 0    ; 0            ; |BusSharing|BusSharingDatapath:inst3|Reg16Sharing:inst5|OneRegister16bit:Register0|Register:instReg0|RFC:instRFC6                                  ; work         ;
;    |ControlBusSharing:Control|                    ; 11 (7)            ; 3 (0)        ; 0           ; 0            ; 0       ; 0         ; 0    ; 0            ; |BusSharing|ControlBusSharing:Control                                                                                                              ; work         ;
;       |NextStateRegisterSharing:nextState1|       ; 4 (2)             ; 3 (0)        ; 0           ; 0            ; 0       ; 0         ; 0    ; 0            ; |BusSharing|ControlBusSharing:Control|NextStateRegisterSharing:nextState1                                                                          ; work         ;
;          |CounterNextState:instCounterNextState0| ; 2 (1)             ; 3 (3)        ; 0           ; 0            ; 0       ; 0         ; 0    ; 0            ; |BusSharing|ControlBusSharing:Control|NextStateRegisterSharing:nextState1|CounterNextState:instCounterNextState0                                   ; work         ;
;             |Mux2:inst11|                         ; 1 (1)             ; 0 (0)        ; 0           ; 0            ; 0       ; 0         ; 0    ; 0            ; |BusSharing|ControlBusSharing:Control|NextStateRegisterSharing:nextState1|CounterNextState:instCounterNextState0|Mux2:inst11                       ; work         ;
+---------------------------------------------------+-------------------+--------------+-------------+--------------+---------+-----------+------+--------------+----------------------------------------------------------------------------------------------------------------------------------------------------+--------------+
Note: For table entries with two numbers listed, the numbers in parentheses indicate the number of resources of the given type used by the specific entity alone. The numbers listed outside of parentheses indicate the total resources of the given type used by the specific entity and all of its sub-entities in the hierarchy.


+------------------------------------------------------------------------------------------------------------------------------------------------------+
; Registers Removed During Synthesis                                                                                                                   ;
+-------------------------------------------------------------------------------------------------------------+----------------------------------------+
; Register name                                                                                               ; Reason for Removal                     ;
+-------------------------------------------------------------------------------------------------------------+----------------------------------------+
; BusSharingDatapath:inst3|Reg16Sharing:inst5|OneRegister16bit:Register0|Register:instReg00|RFC:instRFC6|inst ; Stuck at GND due to stuck port data_in ;
; ControlBusSharing:Control|NextStateRegisterSharing:nextState1|CounterNextState:instCounterNextState0|inst5  ; Stuck at GND due to stuck port data_in ;
; Total Number of Removed Registers = 2                                                                       ;                                        ;
+-------------------------------------------------------------------------------------------------------------+----------------------------------------+


+------------------------------------------------------+
; General Register Statistics                          ;
+----------------------------------------------+-------+
; Statistic                                    ; Value ;
+----------------------------------------------+-------+
; Total registers                              ; 50    ;
; Number of registers using Synchronous Clear  ; 1     ;
; Number of registers using Synchronous Load   ; 0     ;
; Number of registers using Asynchronous Clear ; 0     ;
; Number of registers using Asynchronous Load  ; 0     ;
; Number of registers using Clock Enable       ; 47    ;
; Number of registers using Preset             ; 0     ;
+----------------------------------------------+-------+


+-------------------------------------------------------------------------------------------------------------------------------------------------------------------------------------------------------------------------------------+
; Multiplexer Restructuring Statistics (Restructuring Performed)                                                                                                                                                                      ;
+--------------------+-----------+---------------+----------------------+------------------------+------------+-----------------------------------------------------------------------------------------------------------------------+
; Multiplexer Inputs ; Bus Width ; Baseline Area ; Area if Restructured ; Saving if Restructured ; Registered ; Example Multiplexer Output                                                                                            ;
+--------------------+-----------+---------------+----------------------+------------------------+------------+-----------------------------------------------------------------------------------------------------------------------+
; 3:1                ; 16 bits   ; 32 LEs        ; 32 LEs               ; 0 LEs                  ; No         ; |BusSharing|BusSharingDatapath:inst3|AbsMax:AbsMax|Mux16Bit:inst3|Mux8Bit:instMux8Bit0|Mux_4:instMux401|instOR0       ;
; 3:1                ; 16 bits   ; 32 LEs        ; 32 LEs               ; 0 LEs                  ; No         ; |BusSharing|BusSharingDatapath:inst3|MinAbsAddSub:inst2|Mux16Bit:inst3|Mux8Bit:instMux8Bit00|Mux_4:instMux400|instOR1 ;
+--------------------+-----------+---------------+----------------------+------------------------+------------+-----------------------------------------------------------------------------------------------------------------------+


+-------------------------------+
; Elapsed Time Per Partition    ;
+----------------+--------------+
; Partition Name ; Elapsed Time ;
+----------------+--------------+
; Top            ; 00:00:01     ;
+----------------+--------------+


+-------------------------------+
; Analysis & Synthesis Messages ;
+-------------------------------+
Info: *******************************************************************
Info: Running Quartus II 64-Bit Analysis & Synthesis
    Info: Version 13.0.1 Build 232 06/12/2013 Service Pack 1 SJ Web Edition
    Info: Processing started: Mon Jun 20 03:41:57 2022
Info: Command: quartus_map --read_settings_files=on --write_settings_files=off RTL -c RTL
Warning (20028): Parallel compilation is not licensed and has been disabled
Info (12021): Found 1 design units, including 1 entities, in source file registersharingdatapath.bdf
    Info (12023): Found entity 1: RegisterSharingDatapath
Info (12021): Found 1 design units, including 1 entities, in source file functionunitsharingdatapath.bdf
    Info (12023): Found entity 1: FunctionUnitSharingDatapath
Info (12021): Found 1 design units, including 1 entities, in source file controlregistersharing.bdf
    Info (12023): Found entity 1: ControlRegisterSharing
Info (12021): Found 1 design units, including 1 entities, in source file registersharing.bdf
    Info (12023): Found entity 1: RegisterSharing
Info (12021): Found 1 design units, including 1 entities, in source file controlfunctionsharing.bdf
    Info (12023): Found entity 1: ControlFunctionSharing
Info (12021): Found 1 design units, including 1 entities, in source file functionunitsharing.bdf
    Info (12023): Found entity 1: FunctionUnitSharing
Info (12021): Found 1 design units, including 1 entities, in source file bussharingdatapath.bdf
    Info (12023): Found entity 1: BusSharingDatapath
Info (12021): Found 1 design units, including 1 entities, in source file controlbussharing.bdf
    Info (12023): Found entity 1: ControlBusSharing
Info (12021): Found 1 design units, including 1 entities, in source file bussharing.bdf
    Info (12023): Found entity 1: BusSharing
Info (12127): Elaborating entity "BusSharing" for the top level hierarchy
Info (12128): Elaborating entity "BusSharingDatapath" for hierarchy "BusSharingDatapath:inst3"
Warning (275011): Block or symbol "Reg16Sharing" of instance "inst1" overlaps another block or symbol
Warning (275011): Block or symbol "Reg16Sharing" of instance "inst5" overlaps another block or symbol
Warning (12125): Using design file /ce118. thiet ke luan ly so/designlogic/lib/registerfile/reg16sharing.bdf, which is not specified as a design file for the current project, but contains definitions for 1 design units and 1 entities in project
    Info (12023): Found entity 1: Reg16Sharing
Info (12128): Elaborating entity "Reg16Sharing" for hierarchy "BusSharingDatapath:inst3|Reg16Sharing:inst5"
Warning (12125): Using design file /ce118. thiet ke luan ly so/designlogic/lib/registerfile/oneregister16bit.bdf, which is not specified as a design file for the current project, but contains definitions for 1 design units and 1 entities in project
    Info (12023): Found entity 1: OneRegister16bit
Info (12128): Elaborating entity "OneRegister16bit" for hierarchy "BusSharingDatapath:inst3|Reg16Sharing:inst5|OneRegister16bit:Register0"
Warning (12125): Using design file /ce118. thiet ke luan ly so/designlogic/lib/registerfile/register.bdf, which is not specified as a design file for the current project, but contains definitions for 1 design units and 1 entities in project
    Info (12023): Found entity 1: Register
Info (12128): Elaborating entity "Register" for hierarchy "BusSharingDatapath:inst3|Reg16Sharing:inst5|OneRegister16bit:Register0|Register:instReg00"
Warning (12125): Using design file /ce118. thiet ke luan ly so/designlogic/lib/registerfile/rfc.bdf, which is not specified as a design file for the current project, but contains definitions for 1 design units and 1 entities in project
    Info (12023): Found entity 1: RFC
Info (12128): Elaborating entity "RFC" for hierarchy "BusSharingDatapath:inst3|Reg16Sharing:inst5|OneRegister16bit:Register0|Register:instReg00|RFC:instRFC0"
Warning (12125): Using design file /ce118. thiet ke luan ly so/designlogic/lib/au/absmax.bdf, which is not specified as a design file for the current project, but contains definitions for 1 design units and 1 entities in project
    Info (12023): Found entity 1: AbsMax
Info (12128): Elaborating entity "AbsMax" for hierarchy "BusSharingDatapath:inst3|AbsMax:AbsMax"
Warning (12125): Using design file /ce118. thiet ke luan ly so/designlogic/lib/mux/mux16bit.bdf, which is not specified as a design file for the current project, but contains definitions for 1 design units and 1 entities in project
    Info (12023): Found entity 1: Mux16Bit
Info (12128): Elaborating entity "Mux16Bit" for hierarchy "BusSharingDatapath:inst3|AbsMax:AbsMax|Mux16Bit:inst3"
Warning (12125): Using design file /ce118. thiet ke luan ly so/designlogic/lib/mux/mux8bit.bdf, which is not specified as a design file for the current project, but contains definitions for 1 design units and 1 entities in project
    Info (12023): Found entity 1: Mux8Bit
Info (12128): Elaborating entity "Mux8Bit" for hierarchy "BusSharingDatapath:inst3|AbsMax:AbsMax|Mux16Bit:inst3|Mux8Bit:instMux8Bit0"
Warning (12125): Using design file /ce118. thiet ke luan ly so/designlogic/lib/mux/mux_4.bdf, which is not specified as a design file for the current project, but contains definitions for 1 design units and 1 entities in project
    Info (12023): Found entity 1: Mux_4
Info (12128): Elaborating entity "Mux_4" for hierarchy "BusSharingDatapath:inst3|AbsMax:AbsMax|Mux16Bit:inst3|Mux8Bit:instMux8Bit0|Mux_4:instMux401"
Warning (12125): Using design file /ce118. thiet ke luan ly so/designlogic/lib/au/sub16bit.bdf, which is not specified as a design file for the current project, but contains definitions for 1 design units and 1 entities in project
    Info (12023): Found entity 1: Sub16BIT
Info (12128): Elaborating entity "Sub16BIT" for hierarchy "BusSharingDatapath:inst3|AbsMax:AbsMax|Sub16BIT:Sub001"
Warning (12125): Using design file /ce118. thiet ke luan ly so/designlogic/lib/au/sub8bit.bdf, which is not specified as a design file for the current project, but contains definitions for 1 design units and 1 entities in project
    Info (12023): Found entity 1: Sub8BIT
Info (12128): Elaborating entity "Sub8BIT" for hierarchy "BusSharingDatapath:inst3|AbsMax:AbsMax|Sub16BIT:Sub001|Sub8BIT:instSub8BIT00"
Warning (12125): Using design file /ce118. thiet ke luan ly so/designlogic/lib/au/sub4bit.bdf, which is not specified as a design file for the current project, but contains definitions for 1 design units and 1 entities in project
    Info (12023): Found entity 1: Sub4BIT
Info (12128): Elaborating entity "Sub4BIT" for hierarchy "BusSharingDatapath:inst3|AbsMax:AbsMax|Sub16BIT:Sub001|Sub8BIT:instSub8BIT00|Sub4BIT:instSub4BIT0"
Warning (12125): Using design file /ce118. thiet ke luan ly so/designlogic/lib/au/sub1bit.bdf, which is not specified as a design file for the current project, but contains definitions for 1 design units and 1 entities in project
    Info (12023): Found entity 1: Sub1BIT
Info (12128): Elaborating entity "Sub1BIT" for hierarchy "BusSharingDatapath:inst3|AbsMax:AbsMax|Sub16BIT:Sub001|Sub8BIT:instSub8BIT00|Sub4BIT:instSub4BIT0|Sub1BIT:instSub1BIT2"
Info (12128): Elaborating entity "XOR3" for hierarchy "BusSharingDatapath:inst3|AbsMax:AbsMax|Sub16BIT:Sub001|Sub8BIT:instSub8BIT00|Sub4BIT:instSub4BIT0|Sub1BIT:instSub1BIT2|XOR3:instXOR00"
Info (12130): Elaborated megafunction instantiation "BusSharingDatapath:inst3|AbsMax:AbsMax|Sub16BIT:Sub001|Sub8BIT:instSub8BIT00|Sub4BIT:instSub4BIT0|Sub1BIT:instSub1BIT2|XOR3:instXOR00"
Warning (12125): Using design file /ce118. thiet ke luan ly so/designlogic/lib/au/minabsaddsub.bdf, which is not specified as a design file for the current project, but contains definitions for 1 design units and 1 entities in project
    Info (12023): Found entity 1: MinAbsAddSub
Info (12128): Elaborating entity "MinAbsAddSub" for hierarchy "BusSharingDatapath:inst3|MinAbsAddSub:inst2"
Warning (12125): Using design file /ce118. thiet ke luan ly so/designlogic/lib/au/add16bitcaryin.bdf, which is not specified as a design file for the current project, but contains definitions for 1 design units and 1 entities in project
    Info (12023): Found entity 1: Add16bitCaryin
Info (12128): Elaborating entity "Add16bitCaryin" for hierarchy "BusSharingDatapath:inst3|MinAbsAddSub:inst2|Add16bitCaryin:inst"
Warning (12125): Using design file /ce118. thiet ke luan ly so/designlogic/lib/au/adder8bit.bdf, which is not specified as a design file for the current project, but contains definitions for 1 design units and 1 entities in project
    Info (12023): Found entity 1: Adder8Bit
Info (12128): Elaborating entity "Adder8Bit" for hierarchy "BusSharingDatapath:inst3|MinAbsAddSub:inst2|Add16bitCaryin:inst|Adder8Bit:instAdder8Bit00"
Warning (12125): Using design file /ce118. thiet ke luan ly so/designlogic/lib/au/adder4bit.bdf, which is not specified as a design file for the current project, but contains definitions for 1 design units and 1 entities in project
    Info (12023): Found entity 1: Adder4Bit
Info (12128): Elaborating entity "Adder4Bit" for hierarchy "BusSharingDatapath:inst3|MinAbsAddSub:inst2|Add16bitCaryin:inst|Adder8Bit:instAdder8Bit00|Adder4Bit:inst0"
Warning (12125): Using design file /ce118. thiet ke luan ly so/designlogic/lib/au/fadder1bit.bdf, which is not specified as a design file for the current project, but contains definitions for 1 design units and 1 entities in project
    Info (12023): Found entity 1: FAdder1Bit
Info (12128): Elaborating entity "FAdder1Bit" for hierarchy "BusSharingDatapath:inst3|MinAbsAddSub:inst2|Add16bitCaryin:inst|Adder8Bit:instAdder8Bit00|Adder4Bit:inst0|FAdder1Bit:instFAdder1Bit2"
Warning (12125): Using design file /ce118. thiet ke luan ly so/designlogic/lib/shifter/shiftright3_16it.bdf, which is not specified as a design file for the current project, but contains definitions for 1 design units and 1 entities in project
    Info (12023): Found entity 1: ShiftRight3_16it
Info (12128): Elaborating entity "ShiftRight3_16it" for hierarchy "BusSharingDatapath:inst3|ShiftRight3_16it:Shift3"
Warning (12125): Using design file /ce118. thiet ke luan ly so/designlogic/lib/shifter/shiftright3bit.bdf, which is not specified as a design file for the current project, but contains definitions for 1 design units and 1 entities in project
    Info (12023): Found entity 1: ShiftRight3bit
Info (12128): Elaborating entity "ShiftRight3bit" for hierarchy "BusSharingDatapath:inst3|ShiftRight3_16it:Shift3|ShiftRight3bit:ShiftRight3_8bit"
Warning (12125): Using design file /ce118. thiet ke luan ly so/designlogic/counterupdown8bit/mux2.bdf, which is not specified as a design file for the current project, but contains definitions for 1 design units and 1 entities in project
    Info (12023): Found entity 1: Mux2
Info (12128): Elaborating entity "Mux2" for hierarchy "BusSharingDatapath:inst3|ShiftRight3_16it:Shift3|ShiftRight3bit:ShiftRight3_8bit|Mux2:inst6"
Warning (12125): Using design file /ce118. thiet ke luan ly so/designlogic/lib/shifter/shiftright1_16bit.bdf, which is not specified as a design file for the current project, but contains definitions for 1 design units and 1 entities in project
    Info (12023): Found entity 1: ShiftRight1_16bit
Info (12128): Elaborating entity "ShiftRight1_16bit" for hierarchy "BusSharingDatapath:inst3|ShiftRight1_16bit:Shift1"
Warning (12125): Using design file /ce118. thiet ke luan ly so/designlogic/lib/shifter/shiftright1bit.bdf, which is not specified as a design file for the current project, but contains definitions for 1 design units and 1 entities in project
    Info (12023): Found entity 1: ShiftRight1bit
Info (12128): Elaborating entity "ShiftRight1bit" for hierarchy "BusSharingDatapath:inst3|ShiftRight1_16bit:Shift1|ShiftRight1bit:ShiftRight1bit1"
Info (12128): Elaborating entity "ControlBusSharing" for hierarchy "ControlBusSharing:Control"
Warning (12125): Using design file /ce118. thiet ke luan ly so/designlogic/counterupdown8bit/nextstateregistersharing.bdf, which is not specified as a design file for the current project, but contains definitions for 1 design units and 1 entities in project
    Info (12023): Found entity 1: NextStateRegisterSharing
Info (12128): Elaborating entity "NextStateRegisterSharing" for hierarchy "ControlBusSharing:Control|NextStateRegisterSharing:nextState1"
Warning (12125): Using design file /ce118. thiet ke luan ly so/designlogic/counterupdown8bit/counternextstate.bdf, which is not specified as a design file for the current project, but contains definitions for 1 design units and 1 entities in project
    Info (12023): Found entity 1: CounterNextState
Info (12128): Elaborating entity "CounterNextState" for hierarchy "ControlBusSharing:Control|NextStateRegisterSharing:nextState1|CounterNextState:instCounterNextState0"
Warning (12125): Using design file /ce118. thiet ke luan ly so/designlogic/counterupdown8bit/has.bdf, which is not specified as a design file for the current project, but contains definitions for 1 design units and 1 entities in project
    Info (12023): Found entity 1: HAS
Info (12128): Elaborating entity "HAS" for hierarchy "ControlBusSharing:Control|NextStateRegisterSharing:nextState1|CounterNextState:instCounterNextState0|HAS:inst16"
Warning (13046): Tri-state node(s) do not directly drive top-level pin(s)
    Warning (13048): Converted tri-state node "BusSharingDatapath:inst3|gdfx_temp1[15]" into a selector
    Warning (13048): Converted tri-state node feeding "BusSharingDatapath:inst3|Reg16Sharing:inst1|OneRegister16bit:Register0|Register:instReg00|RFC:instRFC6|inst3" into a selector
    Warning (13048): Converted tri-state node feeding "BusSharingDatapath:inst3|Reg16Sharing:inst1|OneRegister16bit:Register0|Register:instReg00|RFC:instRFC5|inst3" into a selector
    Warning (13048): Converted tri-state node feeding "BusSharingDatapath:inst3|Reg16Sharing:inst1|OneRegister16bit:Register0|Register:instReg00|RFC:instRFC4|inst3" into a selector
    Warning (13049): Converted tri-state buffer "BusSharingDatapath:inst3|Reg16Sharing:inst1|OneRegister16bit:Register0|Register:instReg0|RFC:instRFC00|inst4" feeding internal logic into a wire
Warning (13046): Tri-state node(s) do not directly drive top-level pin(s)
    Warning (13047): Converted the fan-out from the tri-state buffer "BusSharingDatapath:inst3|Reg16Sharing:inst1|OneRegister16bit:Register0|Register:instReg00|RFC:instRFC6|inst4" to the node "BusSharingDatapath:inst3|MinAbsAddSub:inst2|inst18[15]" into an OR gate
    Warning (13047): Converted the fan-out from the tri-state buffer "BusSharingDatapath:inst3|Reg16Sharing:inst1|OneRegister16bit:Register0|Register:instReg0|RFC:instRFC0|inst4" to the node "BusSharingDatapath:inst3|AbsMax:AbsMax|Sub16BIT:Sub001|Sub8BIT:instSub8BIT00|Sub4BIT:instSub4BIT00|Sub1BIT:instSub1BIT0|inst1AND1" into an OR gate
    Warning (13047): Converted the fan-out from the tri-state buffer "BusSharingDatapath:inst3|Reg16Sharing:inst1|OneRegister16bit:Register0|Register:instReg0|RFC:instRFC1|inst4" to the node "BusSharingDatapath:inst3|AbsMax:AbsMax|Sub16BIT:Sub001|Sub8BIT:instSub8BIT00|Sub4BIT:instSub4BIT00|Sub1BIT:instSub1BIT1|inst1AND1" into an OR gate
    Warning (13047): Converted the fan-out from the tri-state buffer "BusSharingDatapath:inst3|Reg16Sharing:inst1|OneRegister16bit:Register0|Register:instReg0|RFC:instRFC2|inst4" to the node "BusSharingDatapath:inst3|AbsMax:AbsMax|Sub16BIT:Sub001|Sub8BIT:instSub8BIT00|Sub4BIT:instSub4BIT00|Sub1BIT:instSub1BIT2|inst1AND1" into an OR gate
    Warning (13047): Converted the fan-out from the tri-state buffer "BusSharingDatapath:inst3|Reg16Sharing:inst1|OneRegister16bit:Register0|Register:instReg0|RFC:instRFC3|inst4" to the node "BusSharingDatapath:inst3|AbsMax:AbsMax|Sub16BIT:Sub001|Sub8BIT:instSub8BIT00|Sub4BIT:instSub4BIT0|Sub1BIT:instSub1BIT00|inst1AND1" into an OR gate
    Warning (13047): Converted the fan-out from the tri-state buffer "BusSharingDatapath:inst3|Reg16Sharing:inst1|OneRegister16bit:Register0|Register:instReg0|RFC:instRFC4|inst4" to the node "BusSharingDatapath:inst3|AbsMax:AbsMax|Sub16BIT:Sub001|Sub8BIT:instSub8BIT00|Sub4BIT:instSub4BIT0|Sub1BIT:instSub1BIT0|inst1AND1" into an OR gate
    Warning (13047): Converted the fan-out from the tri-state buffer "BusSharingDatapath:inst3|Reg16Sharing:inst1|OneRegister16bit:Register0|Register:instReg0|RFC:instRFC5|inst4" to the node "BusSharingDatapath:inst3|AbsMax:AbsMax|Sub16BIT:Sub001|Sub8BIT:instSub8BIT00|Sub4BIT:instSub4BIT0|Sub1BIT:instSub1BIT1|inst1AND1" into an OR gate
    Warning (13047): Converted the fan-out from the tri-state buffer "BusSharingDatapath:inst3|Reg16Sharing:inst1|OneRegister16bit:Register0|Register:instReg0|RFC:instRFC6|inst4" to the node "BusSharingDatapath:inst3|AbsMax:AbsMax|Sub16BIT:Sub001|Sub8BIT:instSub8BIT00|Sub4BIT:instSub4BIT0|Sub1BIT:instSub1BIT2|inst1AND1" into an OR gate
    Warning (13047): Converted the fan-out from the tri-state buffer "BusSharingDatapath:inst3|Reg16Sharing:inst1|OneRegister16bit:Register0|Register:instReg00|RFC:instRFC00|inst4" to the node "BusSharingDatapath:inst3|AbsMax:AbsMax|Sub16BIT:Sub001|Sub8BIT:instSub8BIT0|Sub4BIT:instSub4BIT00|Sub1BIT:instSub1BIT00|inst1AND1" into an OR gate
    Warning (13047): Converted the fan-out from the tri-state buffer "BusSharingDatapath:inst3|Reg16Sharing:inst1|OneRegister16bit:Register0|Register:instReg00|RFC:instRFC0|inst4" to the node "BusSharingDatapath:inst3|AbsMax:AbsMax|Sub16BIT:Sub001|Sub8BIT:instSub8BIT0|Sub4BIT:instSub4BIT00|Sub1BIT:instSub1BIT0|inst1AND1" into an OR gate
    Warning (13047): Converted the fan-out from the tri-state buffer "BusSharingDatapath:inst3|Reg16Sharing:inst1|OneRegister16bit:Register0|Register:instReg00|RFC:instRFC1|inst4" to the node "BusSharingDatapath:inst3|AbsMax:AbsMax|Sub16BIT:Sub001|Sub8BIT:instSub8BIT0|Sub4BIT:instSub4BIT00|Sub1BIT:instSub1BIT1|inst1AND1" into an OR gate
    Warning (13047): Converted the fan-out from the tri-state buffer "BusSharingDatapath:inst3|Reg16Sharing:inst1|OneRegister16bit:Register0|Register:instReg00|RFC:instRFC2|inst4" to the node "BusSharingDatapath:inst3|AbsMax:AbsMax|Sub16BIT:Sub001|Sub8BIT:instSub8BIT0|Sub4BIT:instSub4BIT00|Sub1BIT:instSub1BIT2|inst1AND1" into an OR gate
    Warning (13047): Converted the fan-out from the tri-state buffer "BusSharingDatapath:inst3|Reg16Sharing:inst1|OneRegister16bit:Register0|Register:instReg00|RFC:instRFC3|inst4" to the node "BusSharingDatapath:inst3|AbsMax:AbsMax|Sub16BIT:Sub001|Sub8BIT:instSub8BIT0|Sub4BIT:instSub4BIT0|Sub1BIT:instSub1BIT00|inst1AND1" into an OR gate
    Warning (13047): Converted the fan-out from the tri-state buffer "BusSharingDatapath:inst3|Reg16Sharing:inst1|OneRegister16bit:Register0|Register:instReg00|RFC:instRFC4|inst4" to the node "BusSharingDatapath:inst3|AbsMax:AbsMax|Sub16BIT:Sub001|Sub8BIT:instSub8BIT0|Sub4BIT:instSub4BIT0|Sub1BIT:instSub1BIT0|inst1AND1" into an OR gate
    Warning (13047): Converted the fan-out from the tri-state buffer "BusSharingDatapath:inst3|Reg16Sharing:inst1|OneRegister16bit:Register0|Register:instReg00|RFC:instRFC5|inst4" to the node "BusSharingDatapath:inst3|AbsMax:AbsMax|Sub16BIT:Sub001|Sub8BIT:instSub8BIT0|Sub4BIT:instSub4BIT0|Sub1BIT:instSub1BIT1|inst1AND1" into an OR gate
Warning (13046): Tri-state node(s) do not directly drive top-level pin(s)
    Warning (13047): Converted the fan-out from the tri-state buffer "BusSharingDatapath:inst3|inst12[14]" to the node "BusSharingDatapath:inst3|Reg16Sharing:inst5|OneRegister16bit:Register0|Register:instReg00|RFC:instRFC5|inst" into an OR gate
    Warning (13047): Converted the fan-out from the tri-state buffer "BusSharingDatapath:inst3|inst12[13]" to the node "BusSharingDatapath:inst3|Reg16Sharing:inst5|OneRegister16bit:Register0|Register:instReg00|RFC:instRFC4|inst" into an OR gate
    Warning (13047): Converted the fan-out from the tri-state buffer "BusSharingDatapath:inst3|inst12[12]" to the node "BusSharingDatapath:inst3|Reg16Sharing:inst5|OneRegister16bit:Register0|Register:instReg00|RFC:instRFC3|inst" into an OR gate
    Warning (13047): Converted the fan-out from the tri-state buffer "BusSharingDatapath:inst3|inst12[11]" to the node "BusSharingDatapath:inst3|Reg16Sharing:inst5|OneRegister16bit:Register0|Register:instReg00|RFC:instRFC2|inst" into an OR gate
    Warning (13047): Converted the fan-out from the tri-state buffer "BusSharingDatapath:inst3|inst12[10]" to the node "BusSharingDatapath:inst3|Reg16Sharing:inst5|OneRegister16bit:Register0|Register:instReg00|RFC:instRFC1|inst" into an OR gate
    Warning (13047): Converted the fan-out from the tri-state buffer "BusSharingDatapath:inst3|inst12[9]" to the node "BusSharingDatapath:inst3|Reg16Sharing:inst5|OneRegister16bit:Register0|Register:instReg00|RFC:instRFC0|inst" into an OR gate
    Warning (13047): Converted the fan-out from the tri-state buffer "BusSharingDatapath:inst3|inst12[8]" to the node "BusSharingDatapath:inst3|Reg16Sharing:inst5|OneRegister16bit:Register0|Register:instReg00|RFC:instRFC00|inst" into an OR gate
    Warning (13047): Converted the fan-out from the tri-state buffer "BusSharingDatapath:inst3|inst12[7]" to the node "BusSharingDatapath:inst3|Reg16Sharing:inst5|OneRegister16bit:Register0|Register:instReg0|RFC:instRFC6|inst" into an OR gate
    Warning (13047): Converted the fan-out from the tri-state buffer "BusSharingDatapath:inst3|inst12[6]" to the node "BusSharingDatapath:inst3|Reg16Sharing:inst5|OneRegister16bit:Register0|Register:instReg0|RFC:instRFC5|inst" into an OR gate
    Warning (13047): Converted the fan-out from the tri-state buffer "BusSharingDatapath:inst3|inst12[5]" to the node "BusSharingDatapath:inst3|Reg16Sharing:inst5|OneRegister16bit:Register0|Register:instReg0|RFC:instRFC4|inst" into an OR gate
    Warning (13047): Converted the fan-out from the tri-state buffer "BusSharingDatapath:inst3|inst12[4]" to the node "BusSharingDatapath:inst3|Reg16Sharing:inst5|OneRegister16bit:Register0|Register:instReg0|RFC:instRFC3|inst" into an OR gate
    Warning (13047): Converted the fan-out from the tri-state buffer "BusSharingDatapath:inst3|inst12[3]" to the node "BusSharingDatapath:inst3|Reg16Sharing:inst5|OneRegister16bit:Register0|Register:instReg0|RFC:instRFC2|inst" into an OR gate
    Warning (13047): Converted the fan-out from the tri-state buffer "BusSharingDatapath:inst3|inst12[2]" to the node "BusSharingDatapath:inst3|Reg16Sharing:inst5|OneRegister16bit:Register0|Register:instReg0|RFC:instRFC1|inst" into an OR gate
    Warning (13047): Converted the fan-out from the tri-state buffer "BusSharingDatapath:inst3|inst12[1]" to the node "BusSharingDatapath:inst3|Reg16Sharing:inst5|OneRegister16bit:Register0|Register:instReg0|RFC:instRFC0|inst" into an OR gate
    Warning (13047): Converted the fan-out from the tri-state buffer "BusSharingDatapath:inst3|inst12[0]" to the node "BusSharingDatapath:inst3|Reg16Sharing:inst5|OneRegister16bit:Register0|Register:instReg0|RFC:instRFC00|inst" into an OR gate
    Warning (13047): Converted the fan-out from the tri-state buffer "BusSharingDatapath:inst3|inst13[0]" to the node "BusSharingDatapath:inst3|Reg16Sharing:inst1|OneRegister16bit:Register0|Register:instReg0|RFC:instRFC00|inst" into an OR gate
    Warning (13047): Converted the fan-out from the tri-state buffer "BusSharingDatapath:inst3|inst13[1]" to the node "BusSharingDatapath:inst3|Reg16Sharing:inst1|OneRegister16bit:Register0|Register:instReg0|RFC:instRFC0|inst" into an OR gate
    Warning (13047): Converted the fan-out from the tri-state buffer "BusSharingDatapath:inst3|inst13[2]" to the node "BusSharingDatapath:inst3|Reg16Sharing:inst1|OneRegister16bit:Register0|Register:instReg0|RFC:instRFC1|inst" into an OR gate
    Warning (13047): Converted the fan-out from the tri-state buffer "BusSharingDatapath:inst3|inst13[3]" to the node "BusSharingDatapath:inst3|Reg16Sharing:inst1|OneRegister16bit:Register0|Register:instReg0|RFC:instRFC2|inst" into an OR gate
    Warning (13047): Converted the fan-out from the tri-state buffer "BusSharingDatapath:inst3|inst13[4]" to the node "BusSharingDatapath:inst3|Reg16Sharing:inst1|OneRegister16bit:Register0|Register:instReg0|RFC:instRFC3|inst" into an OR gate
    Warning (13047): Converted the fan-out from the tri-state buffer "BusSharingDatapath:inst3|inst13[5]" to the node "BusSharingDatapath:inst3|Reg16Sharing:inst1|OneRegister16bit:Register0|Register:instReg0|RFC:instRFC4|inst" into an OR gate
    Warning (13047): Converted the fan-out from the tri-state buffer "BusSharingDatapath:inst3|inst13[6]" to the node "BusSharingDatapath:inst3|Reg16Sharing:inst1|OneRegister16bit:Register0|Register:instReg0|RFC:instRFC5|inst" into an OR gate
    Warning (13047): Converted the fan-out from the tri-state buffer "BusSharingDatapath:inst3|inst13[7]" to the node "BusSharingDatapath:inst3|Reg16Sharing:inst1|OneRegister16bit:Register0|Register:instReg0|RFC:instRFC6|inst" into an OR gate
    Warning (13047): Converted the fan-out from the tri-state buffer "BusSharingDatapath:inst3|inst13[8]" to the node "BusSharingDatapath:inst3|Reg16Sharing:inst1|OneRegister16bit:Register0|Register:instReg00|RFC:instRFC00|inst" into an OR gate
    Warning (13047): Converted the fan-out from the tri-state buffer "BusSharingDatapath:inst3|inst13[9]" to the node "BusSharingDatapath:inst3|Reg16Sharing:inst1|OneRegister16bit:Register0|Register:instReg00|RFC:instRFC0|inst" into an OR gate
    Warning (13047): Converted the fan-out from the tri-state buffer "BusSharingDatapath:inst3|inst13[10]" to the node "BusSharingDatapath:inst3|Reg16Sharing:inst1|OneRegister16bit:Register0|Register:instReg00|RFC:instRFC1|inst" into an OR gate
    Warning (13047): Converted the fan-out from the tri-state buffer "BusSharingDatapath:inst3|inst13[11]" to the node "BusSharingDatapath:inst3|Reg16Sharing:inst1|OneRegister16bit:Register0|Register:instReg00|RFC:instRFC2|inst" into an OR gate
    Warning (13047): Converted the fan-out from the tri-state buffer "BusSharingDatapath:inst3|inst13[12]" to the node "BusSharingDatapath:inst3|Reg16Sharing:inst1|OneRegister16bit:Register0|Register:instReg00|RFC:instRFC3|inst" into an OR gate
    Warning (13047): Converted the fan-out from the tri-state buffer "BusSharingDatapath:inst3|inst8[15]" to the node "BusSharingDatapath:inst3|MinAbsAddSub:inst2|Add16bitCaryin:inst|Adder8Bit:instAdder8Bit0|Adder4Bit:inst0|FAdder1Bit:instFAdder1Bit2|inst1" into an OR gate
    Warning (13047): Converted the fan-out from the tri-state buffer "BusSharingDatapath:inst3|inst8[14]" to the node "BusSharingDatapath:inst3|AbsMax:AbsMax|inst[14]" into an OR gate
    Warning (13047): Converted the fan-out from the tri-state buffer "BusSharingDatapath:inst3|inst8[13]" to the node "BusSharingDatapath:inst3|AbsMax:AbsMax|inst[13]" into an OR gate
    Warning (13047): Converted the fan-out from the tri-state buffer "BusSharingDatapath:inst3|inst8[12]" to the node "BusSharingDatapath:inst3|AbsMax:AbsMax|inst[12]" into an OR gate
    Warning (13047): Converted the fan-out from the tri-state buffer "BusSharingDatapath:inst3|inst8[11]" to the node "BusSharingDatapath:inst3|AbsMax:AbsMax|inst[11]" into an OR gate
    Warning (13047): Converted the fan-out from the tri-state buffer "BusSharingDatapath:inst3|inst8[10]" to the node "BusSharingDatapath:inst3|AbsMax:AbsMax|inst[10]" into an OR gate
    Warning (13047): Converted the fan-out from the tri-state buffer "BusSharingDatapath:inst3|inst8[9]" to the node "BusSharingDatapath:inst3|AbsMax:AbsMax|inst[9]" into an OR gate
    Warning (13047): Converted the fan-out from the tri-state buffer "BusSharingDatapath:inst3|inst8[8]" to the node "BusSharingDatapath:inst3|AbsMax:AbsMax|inst[8]" into an OR gate
    Warning (13047): Converted the fan-out from the tri-state buffer "BusSharingDatapath:inst3|inst8[7]" to the node "BusSharingDatapath:inst3|AbsMax:AbsMax|inst[7]" into an OR gate
    Warning (13047): Converted the fan-out from the tri-state buffer "BusSharingDatapath:inst3|inst8[6]" to the node "BusSharingDatapath:inst3|AbsMax:AbsMax|inst[6]" into an OR gate
    Warning (13047): Converted the fan-out from the tri-state buffer "BusSharingDatapath:inst3|inst8[5]" to the node "BusSharingDatapath:inst3|AbsMax:AbsMax|inst[5]" into an OR gate
    Warning (13047): Converted the fan-out from the tri-state buffer "BusSharingDatapath:inst3|inst8[4]" to the node "BusSharingDatapath:inst3|AbsMax:AbsMax|inst[4]" into an OR gate
    Warning (13047): Converted the fan-out from the tri-state buffer "BusSharingDatapath:inst3|inst8[3]" to the node "BusSharingDatapath:inst3|AbsMax:AbsMax|inst[3]" into an OR gate
    Warning (13047): Converted the fan-out from the tri-state buffer "BusSharingDatapath:inst3|inst8[2]" to the node "BusSharingDatapath:inst3|AbsMax:AbsMax|inst[2]" into an OR gate
    Warning (13047): Converted the fan-out from the tri-state buffer "BusSharingDatapath:inst3|inst8[1]" to the node "BusSharingDatapath:inst3|AbsMax:AbsMax|inst[1]" into an OR gate
    Warning (13047): Converted the fan-out from the tri-state buffer "BusSharingDatapath:inst3|inst8[0]" to the node "BusSharingDatapath:inst3|AbsMax:AbsMax|inst[0]" into an OR gate
Warning (13024): Output pins are stuck at VCC or GND
    Warning (13410): Pin "Q[3]" is stuck at GND
Info (16010): Generating hard_block partition "hard_block:auto_generated_inst"
    Info (16011): Adding 0 node(s), including 0 DDIO, 0 PLL, 0 transceiver and 0 LCELL
Info (21057): Implemented 328 device resources after synthesis - the final resource count might be different
    Info (21058): Implemented 34 input pins
    Info (21059): Implemented 20 output pins
    Info (21061): Implemented 274 logic cells
Info: Quartus II 64-Bit Analysis & Synthesis was successful. 0 errors, 97 warnings
    Info: Peak virtual memory: 4593 megabytes
    Info: Processing ended: Mon Jun 20 03:42:00 2022
    Info: Elapsed time: 00:00:03
    Info: Total CPU time (on all processors): 00:00:03


